b'\n\x00\xde\x07'
b'p\x85\xc2\xd6/('
b'p\x85\xc2\xd6/(\xdc\xa62\x83\xdb=\x08\x00E\x00\x004\x00\x00@\x00>\x06l\xba\n\x00\xde\x03\n\x00\xde\x06\xe2a\x0b\xb8;\xd4\xc3\xf4\n)\xc7\xf1\x80\x10\x08\x01\x98s\x00\x00\x01\x01\x08\n+\x98\x99>\xbb\xd2\xc5\x97'
66
b'\xdc\xa62\xa7\x1e\xbd'
